<html>
<body>
<pre>
<h1>µVision Build Log</h1>
<h2>Tool Versions:</h2>
IDE-Version: µVision V5.38.0.0
Copyright (C) 2022 ARM Ltd and ARM Germany GmbH. All rights reserved.
License Information: Maxim Secrieru Cleantron Flex license: MDK Professional 5.38 (Flex): 1 user(s) (mdk_pro) Support: Mar 2024
 
Tool Versions:
Toolchain:       MDK Professional 5.38 (Flex): 1 user(s)  Version: 5.38.0.0
Toolchain Path:  C:\legacy\Keil_v5\ARM\ARMCLANG\Bin
C Compiler:      ArmClang.exe V6.19
Assembler:       Armasm.exe V6.19
Linker/Locator:  ArmLink.exe V6.19
Library Manager: ArmAr.exe V6.19
Hex Converter:   FromElf.exe V6.19
CPU DLL:         SARMCM3.DLL V5.38.0.0
Dialog DLL:      DCM.DLL V1.17.5.0
Target DLL:      UL2CM3.DLL V1.164.8.0
Dialog DLL:      TCM.DLL V1.56.4.0
 
<h2>Project:</h2>
C:\Users\maxim.secrieru\OneDrive - Cleantron\Desktop\_Template_Flash\NewDevice.uvprojx
Project File Date:  02/07/2025

<h2>Output:</h2>
*** Using Compiler 'V6.19', folder: 'C:\legacy\Keil_v5\ARM\ARMCLANG\Bin'
Build target 'Cortex-M'
compiling FlashPrg.c...
linking...
Program Size: Code=35850 RO-data=12482 RW-data=16 ZI-data=188  
After Build - User command #1: cmd.exe /C copy "Objects\NewDevice.axf"  "C:\legacy\Keil_v5\ARM\Flash\STM32F412_S25FL128L.FLM"
        1 file(s) copied.
".\Objects\NewDevice.axf" - 0 Error(s), 0 Warning(s).

<h2>Software Packages used:</h2>

Package Vendor: Keil
                https://www.keil.com/pack/Keil.STM32H7xx_DFP.3.1.1.pack
                Keil.STM32H7xx_DFP.3.1.1
                STMicroelectronics STM32H7 Series Device Support and Examples

<h2>Collection of Component include folders:</h2>
  C:/legacy/Keil_v5/Packs/Keil/STM32H7xx_DFP/3.1.1/Drivers/CMSIS/Device/ST/STM32H7xx/Include

<h2>Collection of Component Files used:</h2>
Build Time Elapsed:  00:00:02
</pre>
</body>
</html>
