Component: Arm Compiler for Embedded 6.19 Tool: armlink [5e73cb00]

==============================================================================

Removing Unused exception sections from the image.

    Removing flashprg.o(.ARM.exidx), (56 bytes).
    Removing main.o(.ARM.exidx), (72 bytes).
    Removing stm32f4xx_hal_msp.o(.ARM.exidx), (40 bytes).
    Removing stm32f4xx_it.o(.ARM.exidx), (72 bytes).
    Removing system_stm32f4xx.o(.ARM.exidx), (16 bytes).
    Removing s25fl128s.o(.ARM.exidx), (176 bytes).
    Removing stm32f4xx_hal.o(.ARM.exidx), (216 bytes).
    Removing stm32f4xx_hal_cortex.o(.ARM.exidx), (256 bytes).
    Removing stm32f4xx_hal_dma.o(.ARM.exidx), (120 bytes).
    Removing stm32f4xx_hal_exti.o(.ARM.exidx), (72 bytes).
    Removing stm32f4xx_hal_flash.o(.ARM.exidx), (136 bytes).
    Removing stm32f4xx_hal_flash_ex.o(.ARM.exidx), (176 bytes).
    Removing stm32f4xx_hal_flash_ramfunc.o(.ARM.exidx), (32 bytes).
    Removing stm32f4xx_hal_gpio.o(.ARM.exidx), (64 bytes).
    Removing stm32f4xx_hal_pwr.o(.ARM.exidx), (136 bytes).
    Removing stm32f4xx_hal_pwr_ex.o(.ARM.exidx), (80 bytes).
    Removing stm32f4xx_hal_rcc.o(.ARM.exidx), (112 bytes).
    Removing stm32f4xx_hal_rcc_ex.o(.ARM.exidx), (56 bytes).
    Removing stm32f4xx_hal_uart.o(.ARM.exidx), (152 bytes).
    Removing stm32f4xx_hal_qspi.o(.ARM.exidx), (344 bytes).

20 unused section(s) (total 2384 bytes) removed from the image.

==============================================================================

Image Symbol Table

    Local Symbols

    Symbol Name                              Value     Ov Type        Size  Object(Section)

    ../clib/angel/rt.s                       0x00000000   Number         0  aeabi_ldiv0.o ABSOLUTE
    ../clib/angel/rt.s                       0x00000000   Number         0  aeabi_ldiv0_sigfpe.o ABSOLUTE
    ../clib/angel/rt.s                       0x00000000   Number         0  rt_div0.o ABSOLUTE
    ../clib/angel/rt.s                       0x00000000   Number         0  rt_raise.o ABSOLUTE
    ../clib/angel/sys.s                      0x00000000   Number         0  use_no_semi.o ABSOLUTE
    ../clib/angel/sys.s                      0x00000000   Number         0  indicate_semi.o ABSOLUTE
    ../clib/angel/sysapp.c                   0x00000000   Number         0  sys_exit.o ABSOLUTE
    ../clib/angel/sysapp.c                   0x00000000   Number         0  sys_exit_hlt.o ABSOLUTE
    ../clib/angel/sysapp.c                   0x00000000   Number         0  sys_wrch.o ABSOLUTE
    ../clib/angel/sysapp.c                   0x00000000   Number         0  sys_wrch_hlt.o ABSOLUTE
    ../clib/longlong.s                       0x00000000   Number         0  lludivv7m.o ABSOLUTE
    ../clib/memcpset.s                       0x00000000   Number         0  rt_memclr_w.o ABSOLUTE
    ../clib/signal.c                         0x00000000   Number         0  defsig_fpe_outer.o ABSOLUTE
    ../clib/signal.c                         0x00000000   Number         0  defsig_fpe_formal.o ABSOLUTE
    ../clib/signal.c                         0x00000000   Number         0  defsig_exit.o ABSOLUTE
    ../clib/signal.c                         0x00000000   Number         0  defsig_fpe_inner.o ABSOLUTE
    ../clib/signal.c                         0x00000000   Number         0  __raise.o ABSOLUTE
    ../clib/signal.c                         0x00000000   Number         0  defsig_general.o ABSOLUTE
    ../clib/signal.c                         0x00000000   Number         0  defsig_abrt_inner.o ABSOLUTE
    ../clib/signal.c                         0x00000000   Number         0  defsig_rtred_inner.o ABSOLUTE
    ../clib/signal.c                         0x00000000   Number         0  defsig_rtmem_inner.o ABSOLUTE
    ../clib/signal.c                         0x00000000   Number         0  defsig_stak_inner.o ABSOLUTE
    ../clib/signal.c                         0x00000000   Number         0  defsig_pvfn_inner.o ABSOLUTE
    ../clib/signal.c                         0x00000000   Number         0  defsig_cppl_inner.o ABSOLUTE
    ../clib/signal.c                         0x00000000   Number         0  defsig_segv_inner.o ABSOLUTE
    ../clib/signal.c                         0x00000000   Number         0  defsig_other.o ABSOLUTE
    ../clib/signal.s                         0x00000000   Number         0  defsig.o ABSOLUTE
    FlashDev.c                               0x00000000   Number         0  flashdev.o ABSOLUTE
    FlashPrg.c                               0x00000000   Number         0  flashprg.o ABSOLUTE
    dc.s                                     0x00000000   Number         0  dc.o ABSOLUTE
    main.c                                   0x00000000   Number         0  main.o ABSOLUTE
    s25fl128s.c                              0x00000000   Number         0  s25fl128s.o ABSOLUTE
    stm32f4xx_hal.c                          0x00000000   Number         0  stm32f4xx_hal.o ABSOLUTE
    stm32f4xx_hal_cortex.c                   0x00000000   Number         0  stm32f4xx_hal_cortex.o ABSOLUTE
    stm32f4xx_hal_dma.c                      0x00000000   Number         0  stm32f4xx_hal_dma.o ABSOLUTE
    stm32f4xx_hal_exti.c                     0x00000000   Number         0  stm32f4xx_hal_exti.o ABSOLUTE
    stm32f4xx_hal_flash.c                    0x00000000   Number         0  stm32f4xx_hal_flash.o ABSOLUTE
    stm32f4xx_hal_flash_ex.c                 0x00000000   Number         0  stm32f4xx_hal_flash_ex.o ABSOLUTE
    stm32f4xx_hal_flash_ramfunc.c            0x00000000   Number         0  stm32f4xx_hal_flash_ramfunc.o ABSOLUTE
    stm32f4xx_hal_gpio.c                     0x00000000   Number         0  stm32f4xx_hal_gpio.o ABSOLUTE
    stm32f4xx_hal_msp.c                      0x00000000   Number         0  stm32f4xx_hal_msp.o ABSOLUTE
    stm32f4xx_hal_pwr.c                      0x00000000   Number         0  stm32f4xx_hal_pwr.o ABSOLUTE
    stm32f4xx_hal_pwr_ex.c                   0x00000000   Number         0  stm32f4xx_hal_pwr_ex.o ABSOLUTE
    stm32f4xx_hal_qspi.c                     0x00000000   Number         0  stm32f4xx_hal_qspi.o ABSOLUTE
    stm32f4xx_hal_rcc.c                      0x00000000   Number         0  stm32f4xx_hal_rcc.o ABSOLUTE
    stm32f4xx_hal_rcc_ex.c                   0x00000000   Number         0  stm32f4xx_hal_rcc_ex.o ABSOLUTE
    stm32f4xx_hal_tim.c                      0x00000000   Number         0  stm32f4xx_hal_tim.o ABSOLUTE
    stm32f4xx_hal_tim_ex.c                   0x00000000   Number         0  stm32f4xx_hal_tim_ex.o ABSOLUTE
    stm32f4xx_hal_uart.c                     0x00000000   Number         0  stm32f4xx_hal_uart.o ABSOLUTE
    stm32f4xx_it.c                           0x00000000   Number         0  stm32f4xx_it.o ABSOLUTE
    system_stm32f4xx.c                       0x00000000   Number         0  system_stm32f4xx.o ABSOLUTE
    [Anonymous Symbol]                       0x00000000   Section        0  flashprg.o(.text)
    [Anonymous Symbol]                       0x00000478   Section        0  main.o(.text)
    MX_GPIO_Init                             0x00000559   Thumb Code   188  main.o(.text)
    MX_QUADSPI_Init                          0x000006d1   Thumb Code    74  main.o(.text)
    [Anonymous Symbol]                       0x00000748   Section        0  stm32f4xx_hal_msp.o(.text)
    [Anonymous Symbol]                       0x00000958   Section        0  stm32f4xx_it.o(.text)
    [Anonymous Symbol]                       0x000009a0   Section        0  system_stm32f4xx.o(.text)
    [Anonymous Symbol]                       0x00000af8   Section        0  s25fl128s.o(.text)
    [Anonymous Symbol]                       0x000016c0   Section        0  stm32f4xx_hal.o(.text)
    [Anonymous Symbol]                       0x00001a28   Section        0  stm32f4xx_hal_cortex.o(.text)
    __NVIC_SetPriorityGrouping               0x00001a39   Thumb Code    60  stm32f4xx_hal_cortex.o(.text)
    __NVIC_GetPriorityGrouping               0x00001ab1   Thumb Code    16  stm32f4xx_hal_cortex.o(.text)
    __NVIC_SetPriority                       0x00001ac1   Thumb Code    66  stm32f4xx_hal_cortex.o(.text)
    NVIC_EncodePriority                      0x00001b09   Thumb Code   108  stm32f4xx_hal_cortex.o(.text)
    __NVIC_EnableIRQ                         0x00001b91   Thumb Code    48  stm32f4xx_hal_cortex.o(.text)
    __NVIC_DisableIRQ                        0x00001bd9   Thumb Code    56  stm32f4xx_hal_cortex.o(.text)
    __NVIC_SystemReset                       0x00001c19   Thumb Code    38  stm32f4xx_hal_cortex.o(.text)
    SysTick_Config                           0x00001c51   Thumb Code    82  stm32f4xx_hal_cortex.o(.text)
    NVIC_DecodePriority                      0x00001dd1   Thumb Code   118  stm32f4xx_hal_cortex.o(.text)
    __NVIC_GetPriority                       0x00001e49   Thumb Code    66  stm32f4xx_hal_cortex.o(.text)
    __NVIC_SetPendingIRQ                     0x00001ea9   Thumb Code    48  stm32f4xx_hal_cortex.o(.text)
    __NVIC_GetPendingIRQ                     0x00001ef1   Thumb Code    64  stm32f4xx_hal_cortex.o(.text)
    __NVIC_ClearPendingIRQ                   0x00001f49   Thumb Code    48  stm32f4xx_hal_cortex.o(.text)
    __NVIC_GetActive                         0x00001f91   Thumb Code    64  stm32f4xx_hal_cortex.o(.text)
    [Anonymous Symbol]                       0x00002018   Section        0  stm32f4xx_hal_dma.o(.text)
    DMA_CheckFifoParam                       0x00002189   Thumb Code   240  stm32f4xx_hal_dma.o(.text)
    DMA_CalcBaseAndBitshift                  0x00002279   Thumb Code    88  stm32f4xx_hal_dma.o(.text)
    DMA_SetConfig                            0x00002419   Thumb Code    80  stm32f4xx_hal_dma.o(.text)
    [Anonymous Symbol]                       0x00002d38   Section        0  stm32f4xx_hal_exti.o(.text)
    [Anonymous Symbol]                       0x000031b0   Section        0  stm32f4xx_hal_flash.o(.text)
    FLASH_Program_Byte                       0x00003341   Thumb Code    48  stm32f4xx_hal_flash.o(.text)
    FLASH_Program_HalfWord                   0x00003371   Thumb Code    52  stm32f4xx_hal_flash.o(.text)
    FLASH_Program_Word                       0x000033a9   Thumb Code    48  stm32f4xx_hal_flash.o(.text)
    FLASH_Program_DoubleWord                 0x000033d9   Thumb Code    60  stm32f4xx_hal_flash.o(.text)
    FLASH_SetErrorCode                       0x000036b9   Thumb Code   316  stm32f4xx_hal_flash.o(.text)
    [Anonymous Symbol]                       0x00003908   Section        0  stm32f4xx_hal_flash_ex.o(.text)
    FLASH_MassErase                          0x00003a29   Thumb Code    52  stm32f4xx_hal_flash_ex.o(.text)
    FLASH_OB_EnableWRP                       0x00003d59   Thumb Code    60  stm32f4xx_hal_flash_ex.o(.text)
    FLASH_OB_DisableWRP                      0x00003d99   Thumb Code    60  stm32f4xx_hal_flash_ex.o(.text)
    FLASH_OB_RDP_LevelConfig                 0x00003dd9   Thumb Code    58  stm32f4xx_hal_flash_ex.o(.text)
    FLASH_OB_UserConfig                      0x00003e19   Thumb Code   102  stm32f4xx_hal_flash_ex.o(.text)
    FLASH_OB_BOR_LevelConfig                 0x00003e81   Thumb Code    38  stm32f4xx_hal_flash_ex.o(.text)
    FLASH_OB_GetWRP                          0x00003ed9   Thumb Code    12  stm32f4xx_hal_flash_ex.o(.text)
    FLASH_OB_GetRDP                          0x00003ee9   Thumb Code    74  stm32f4xx_hal_flash_ex.o(.text)
    FLASH_OB_GetUser                         0x00003f39   Thumb Code    16  stm32f4xx_hal_flash_ex.o(.text)
    FLASH_OB_GetBOR                          0x00003f49   Thumb Code    16  stm32f4xx_hal_flash_ex.o(.text)
    FLASH_OB_EnablePCROP                     0x00003fa1   Thumb Code    58  stm32f4xx_hal_flash_ex.o(.text)
    FLASH_OB_DisablePCROP                    0x00003fe1   Thumb Code    58  stm32f4xx_hal_flash_ex.o(.text)
    [Anonymous Symbol]                       0x00004090   Section        0  stm32f4xx_hal_flash_ramfunc.o(.text)
    [Anonymous Symbol]                       0x00004190   Section        0  stm32f4xx_hal_gpio.o(.text)
    [Anonymous Symbol]                       0x00004860   Section        0  stm32f4xx_hal_pwr.o(.text)
    [Anonymous Symbol]                       0x00004b38   Section        0  stm32f4xx_hal_pwr_ex.o(.text)
    [Anonymous Symbol]                       0x00004da8   Section        0  stm32f4xx_hal_rcc.o(.text)
    [Anonymous Symbol]                       0x00005ae8   Section        0  stm32f4xx_hal_rcc_ex.o(.text)
    [Anonymous Symbol]                       0x00006958   Section        0  stm32f4xx_hal_uart.o(.text)
    UART_SetConfig                           0x00006a01   Thumb Code   314  stm32f4xx_hal_uart.o(.text)
    UART_WaitOnFlagUntilTimeout              0x00006cf9   Thumb Code   210  stm32f4xx_hal_uart.o(.text)
    [Anonymous Symbol]                       0x00006fc0   Section        0  stm32f4xx_hal_qspi.o(.text)
    QSPI_WaitFlagStateUntilTimeout           0x000070f1   Thumb Code   122  stm32f4xx_hal_qspi.o(.text)
    QSPI_DMAAbortCplt                        0x00007649   Thumb Code    88  stm32f4xx_hal_qspi.o(.text)
    QSPI_Config                              0x000077a9   Thumb Code   768  stm32f4xx_hal_qspi.o(.text)
    QSPI_WaitFlagStateUntilTimeout_CPUCycle  0x00007bb1   Thumb Code   128  stm32f4xx_hal_qspi.o(.text)
    QSPI_DMATxCplt                           0x00008441   Thumb Code    32  stm32f4xx_hal_qspi.o(.text)
    QSPI_DMATxHalfCplt                       0x00008461   Thumb Code    22  stm32f4xx_hal_qspi.o(.text)
    QSPI_DMAError                            0x00008479   Thumb Code    68  stm32f4xx_hal_qspi.o(.text)
    QSPI_DMARxCplt                           0x00008751   Thumb Code    32  stm32f4xx_hal_qspi.o(.text)
    QSPI_DMARxHalfCplt                       0x00008771   Thumb Code    22  stm32f4xx_hal_qspi.o(.text)
    .text                                    0x00008c2c   Section      240  lludivv7m.o(.text)
    .text                                    0x00008d1c   Section       78  rt_memclr_w.o(.text)
    DMA_CalcBaseAndBitshift.flagBitshiftOffset 0x00008d82   Data           8  stm32f4xx_hal_dma.o(.rodata.DMA_CalcBaseAndBitshift.flagBitshiftOffset)
    [Anonymous Symbol]                       0x00008d82   Section        0  stm32f4xx_hal_dma.o(.rodata.DMA_CalcBaseAndBitshift.flagBitshiftOffset)
    DevAddr                                  0x0000ad9c   Data           4  flashprg.o(.bss.DevAddr)
    HAL_GetTick.ticks                        0x0000ada0   Data           4  main.o(.bss.HAL_GetTick.ticks)

    Global Symbols

    Symbol Name                              Value     Ov Type        Size  Object(Section)

    BuildAttributes$$THM_ISAv4$E$P$D$K$B$S$7EM$VFPv5_D16$PE$PLD8$A:L22UL41UL21$X:L11$S22US41US21$IEEE1$IW$RWPI$~STKCKD$USESV7$~SHL$OSPACE$ROPI$STANDARDLIB$REQ8$PRES8$EABIv2 0x00000000   Number         0  anon$$obj.o ABSOLUTE
    Init                                     0x00000001   Thumb Code   196  flashprg.o(.text)
    __sigvec_lookup                           - Undefined Weak Reference
    UnInit                                   0x000000c9   Thumb Code    68  flashprg.o(.text)
    EraseChip                                0x00000111   Thumb Code    92  flashprg.o(.text)
    EraseSector                              0x00000171   Thumb Code   136  flashprg.o(.text)
    ProgramPage                              0x000001f9   Thumb Code   100  flashprg.o(.text)
    Verify                                   0x00000261   Thumb Code   154  flashprg.o(.text)
    BlankCheck                               0x00000301   Thumb Code   372  flashprg.o(.text)
    HAL_GetTick                              0x00000479   Thumb Code    80  main.o(.text)
    HAL_Delay                                0x000004c9   Thumb Code    58  main.o(.text)
    HAL_InitTick                             0x00000509   Thumb Code    10  main.o(.text)
    mcu_init                                 0x00000519   Thumb Code    58  main.o(.text)
    SystemClock_Config                       0x00000619   Thumb Code   182  main.o(.text)
    QUADSPI_Init                             0x00000721   Thumb Code    24  main.o(.text)
    Error_Handler                            0x00000739   Thumb Code    14  main.o(.text)
    HAL_MspInit                              0x00000749   Thumb Code    74  stm32f4xx_hal_msp.o(.text)
    HAL_QSPI_MspInit                         0x00000799   Thumb Code   338  stm32f4xx_hal_msp.o(.text)
    HAL_QSPI_MspDeInit                       0x000008f1   Thumb Code    88  stm32f4xx_hal_msp.o(.text)
    HAL_UART_MspInit                         0x00000949   Thumb Code     8  stm32f4xx_hal_msp.o(.text)
    HAL_UART_MspDeInit                       0x00000951   Thumb Code     8  stm32f4xx_hal_msp.o(.text)
    NMI_Handler                              0x00000959   Thumb Code     4  stm32f4xx_it.o(.text)
    HardFault_Handler                        0x00000961   Thumb Code     4  stm32f4xx_it.o(.text)
    MemManage_Handler                        0x00000969   Thumb Code     4  stm32f4xx_it.o(.text)
    BusFault_Handler                         0x00000971   Thumb Code     4  stm32f4xx_it.o(.text)
    UsageFault_Handler                       0x00000979   Thumb Code     4  stm32f4xx_it.o(.text)
    SVC_Handler                              0x00000981   Thumb Code     2  stm32f4xx_it.o(.text)
    DebugMon_Handler                         0x00000989   Thumb Code     2  stm32f4xx_it.o(.text)
    PendSV_Handler                           0x00000991   Thumb Code     2  stm32f4xx_it.o(.text)
    SysTick_Handler                          0x00000999   Thumb Code     8  stm32f4xx_it.o(.text)
    SystemInit                               0x000009a1   Thumb Code    18  system_stm32f4xx.o(.text)
    SystemCoreClockUpdate                    0x000009b9   Thumb Code   314  system_stm32f4xx.o(.text)
    S25FL128S_GetFlashInfo                   0x00000af9   Thumb Code    46  s25fl128s.o(.text)
    S25FL128S_WriteEnable                    0x00000b29   Thumb Code   132  s25fl128s.o(.text)
    S25FL128S_WriteDisable                   0x00000bb1   Thumb Code    72  s25fl128s.o(.text)
    S25FL128S_PageProgram                    0x00000bf9   Thumb Code   174  s25fl128s.o(.text)
    S25FL128S_WritePages                     0x00000ca9   Thumb Code   310  s25fl128s.o(.text)
    S25FL128S_AutoPollingMemReady            0x00000de1   Thumb Code   104  s25fl128s.o(.text)
    S25FL128S_Enter4BytesAddressMode         0x00000e49   Thumb Code   194  s25fl128s.o(.text)
    S25FL128S_ReadSTR                        0x00000f11   Thumb Code   268  s25fl128s.o(.text)
    S25FL128S_BlockErase                     0x00001021   Thumb Code   156  s25fl128s.o(.text)
    S25FL128S_ChipErase                      0x000010c1   Thumb Code    72  s25fl128s.o(.text)
    S25FL128S_DummyCyclesCfg                 0x00001109   Thumb Code   284  s25fl128s.o(.text)
    S25FL128S_EnableMemoryMappedModeSTR      0x00001229   Thumb Code   234  s25fl128s.o(.text)
    S25FL128S_ReadStatusRegister             0x00001319   Thumb Code   106  s25fl128s.o(.text)
    S25FL128S_ResetEnable                    0x00001389   Thumb Code    72  s25fl128s.o(.text)
    S25FL128S_ResetMemory                    0x000013d1   Thumb Code    72  s25fl128s.o(.text)
    S25FL128S_ReadID                         0x00001419   Thumb Code   106  s25fl128s.o(.text)
    S25FL128S_ProgEraseSuspend               0x00001489   Thumb Code    72  s25fl128s.o(.text)
    S25FL128S_ProgEraseResume                0x000014d1   Thumb Code    72  s25fl128s.o(.text)
    S25FL128S_EnterDeepPowerDown             0x00001519   Thumb Code    16  s25fl128s.o(.text)
    S25FL128S_ReadSFDP                       0x00001529   Thumb Code    24  s25fl128s.o(.text)
    S25FL128S_ReadConfigurationRegister1     0x00001541   Thumb Code   106  s25fl128s.o(.text)
    S25FL128S_WriteRegisters                 0x000015b1   Thumb Code   268  s25fl128s.o(.text)
    HAL_Init                                 0x000016c1   Thumb Code    60  stm32f4xx_hal.o(.text)
    HAL_DeInit                               0x00001781   Thumb Code    82  stm32f4xx_hal.o(.text)
    HAL_MspDeInit                            0x000017d9   Thumb Code     2  stm32f4xx_hal.o(.text)
    HAL_IncTick                              0x000017e1   Thumb Code    28  stm32f4xx_hal.o(.text)
    HAL_GetTickPrio                          0x00001811   Thumb Code    14  stm32f4xx_hal.o(.text)
    HAL_SetTickFreq                          0x00001821   Thumb Code   112  stm32f4xx_hal.o(.text)
    HAL_GetTickFreq                          0x00001891   Thumb Code    14  stm32f4xx_hal.o(.text)
    HAL_SuspendTick                          0x000018e9   Thumb Code    18  stm32f4xx_hal.o(.text)
    HAL_ResumeTick                           0x00001901   Thumb Code    18  stm32f4xx_hal.o(.text)
    HAL_GetHalVersion                        0x00001919   Thumb Code    10  stm32f4xx_hal.o(.text)
    HAL_GetREVID                             0x00001929   Thumb Code    14  stm32f4xx_hal.o(.text)
    HAL_GetDEVID                             0x00001939   Thumb Code    16  stm32f4xx_hal.o(.text)
    HAL_DBGMCU_EnableDBGSleepMode            0x00001949   Thumb Code    18  stm32f4xx_hal.o(.text)
    HAL_DBGMCU_DisableDBGSleepMode           0x00001961   Thumb Code    18  stm32f4xx_hal.o(.text)
    HAL_DBGMCU_EnableDBGStopMode             0x00001979   Thumb Code    18  stm32f4xx_hal.o(.text)
    HAL_DBGMCU_DisableDBGStopMode            0x00001991   Thumb Code    18  stm32f4xx_hal.o(.text)
    HAL_DBGMCU_EnableDBGStandbyMode          0x000019a9   Thumb Code    18  stm32f4xx_hal.o(.text)
    HAL_DBGMCU_DisableDBGStandbyMode         0x000019c1   Thumb Code    18  stm32f4xx_hal.o(.text)
    HAL_EnableCompensationCell               0x000019d9   Thumb Code    14  stm32f4xx_hal.o(.text)
    HAL_DisableCompensationCell              0x000019e9   Thumb Code    14  stm32f4xx_hal.o(.text)
    HAL_GetUIDw0                             0x000019f9   Thumb Code    12  stm32f4xx_hal.o(.text)
    HAL_GetUIDw1                             0x00001a09   Thumb Code    12  stm32f4xx_hal.o(.text)
    HAL_GetUIDw2                             0x00001a19   Thumb Code    12  stm32f4xx_hal.o(.text)
    HAL_NVIC_SetPriorityGrouping             0x00001a29   Thumb Code    16  stm32f4xx_hal_cortex.o(.text)
    HAL_NVIC_SetPriority                     0x00001a79   Thumb Code    50  stm32f4xx_hal_cortex.o(.text)
    HAL_NVIC_EnableIRQ                       0x00001b79   Thumb Code    20  stm32f4xx_hal_cortex.o(.text)
    HAL_NVIC_DisableIRQ                      0x00001bc1   Thumb Code    20  stm32f4xx_hal_cortex.o(.text)
    HAL_NVIC_SystemReset                     0x00001c11   Thumb Code     4  stm32f4xx_hal_cortex.o(.text)
    HAL_SYSTICK_Config                       0x00001c41   Thumb Code    16  stm32f4xx_hal_cortex.o(.text)
    HAL_MPU_Disable                          0x00001ca9   Thumb Code    34  stm32f4xx_hal_cortex.o(.text)
    HAL_MPU_Enable                           0x00001cd1   Thumb Code    48  stm32f4xx_hal_cortex.o(.text)
    HAL_MPU_ConfigRegion                     0x00001d01   Thumb Code   158  stm32f4xx_hal_cortex.o(.text)
    HAL_NVIC_GetPriorityGrouping             0x00001da1   Thumb Code     8  stm32f4xx_hal_cortex.o(.text)
    HAL_NVIC_GetPriority                     0x00001da9   Thumb Code    36  stm32f4xx_hal_cortex.o(.text)
    HAL_NVIC_SetPendingIRQ                   0x00001e91   Thumb Code    20  stm32f4xx_hal_cortex.o(.text)
    HAL_NVIC_GetPendingIRQ                   0x00001ed9   Thumb Code    20  stm32f4xx_hal_cortex.o(.text)
    HAL_NVIC_ClearPendingIRQ                 0x00001f31   Thumb Code    20  stm32f4xx_hal_cortex.o(.text)
    HAL_NVIC_GetActive                       0x00001f79   Thumb Code    20  stm32f4xx_hal_cortex.o(.text)
    HAL_SYSTICK_CLKSourceConfig              0x00001fd1   Thumb Code    52  stm32f4xx_hal_cortex.o(.text)
    HAL_SYSTICK_IRQHandler                   0x00002009   Thumb Code     8  stm32f4xx_hal_cortex.o(.text)
    HAL_SYSTICK_Callback                     0x00002011   Thumb Code     2  stm32f4xx_hal_cortex.o(.text)
    HAL_DMA_Init                             0x00002019   Thumb Code   366  stm32f4xx_hal_dma.o(.text)
    HAL_DMA_DeInit                           0x000022d1   Thumb Code   180  stm32f4xx_hal_dma.o(.text)
    HAL_DMA_Start                            0x00002389   Thumb Code   142  stm32f4xx_hal_dma.o(.text)
    HAL_DMA_Start_IT                         0x00002469   Thumb Code   194  stm32f4xx_hal_dma.o(.text)
    HAL_DMA_Abort                            0x00002531   Thumb Code   236  stm32f4xx_hal_dma.o(.text)
    HAL_DMA_Abort_IT                         0x00002621   Thumb Code    68  stm32f4xx_hal_dma.o(.text)
    HAL_DMA_PollForTransfer                  0x00002669   Thumb Code   506  stm32f4xx_hal_dma.o(.text)
    HAL_DMA_IRQHandler                       0x00002869   Thumb Code   800  stm32f4xx_hal_dma.o(.text)
    HAL_DMA_RegisterCallback                 0x00002b89   Thumb Code   182  stm32f4xx_hal_dma.o(.text)
    HAL_DMA_UnRegisterCallback               0x00002c41   Thumb Code   210  stm32f4xx_hal_dma.o(.text)
    HAL_DMA_GetState                         0x00002d19   Thumb Code    14  stm32f4xx_hal_dma.o(.text)
    HAL_DMA_GetError                         0x00002d29   Thumb Code    12  stm32f4xx_hal_dma.o(.text)
    HAL_EXTI_SetConfigLine                   0x00002d39   Thumb Code   358  stm32f4xx_hal_exti.o(.text)
    HAL_EXTI_GetConfigLine                   0x00002ea1   Thumb Code   268  stm32f4xx_hal_exti.o(.text)
    HAL_EXTI_ClearConfigLine                 0x00002fb1   Thumb Code   196  stm32f4xx_hal_exti.o(.text)
    HAL_EXTI_RegisterCallback                0x00003079   Thumb Code    48  stm32f4xx_hal_exti.o(.text)
    HAL_EXTI_GetHandle                       0x000030a9   Thumb Code    42  stm32f4xx_hal_exti.o(.text)
    HAL_EXTI_IRQHandler                      0x000030d9   Thumb Code    76  stm32f4xx_hal_exti.o(.text)
    HAL_EXTI_GetPending                      0x00003129   Thumb Code    50  stm32f4xx_hal_exti.o(.text)
    HAL_EXTI_ClearPending                    0x00003161   Thumb Code    36  stm32f4xx_hal_exti.o(.text)
    HAL_EXTI_GenerateSWI                     0x00003189   Thumb Code    34  stm32f4xx_hal_exti.o(.text)
    HAL_FLASH_Program                        0x000031b1   Thumb Code   228  stm32f4xx_hal_flash.o(.text)
    FLASH_WaitForLastOperation               0x00003299   Thumb Code   168  stm32f4xx_hal_flash.o(.text)
    HAL_FLASH_Program_IT                     0x00003419   Thumb Code   202  stm32f4xx_hal_flash.o(.text)
    HAL_FLASH_IRQHandler                     0x000034e9   Thumb Code   460  stm32f4xx_hal_flash.o(.text)
    HAL_FLASH_OperationErrorCallback         0x000037f9   Thumb Code     8  stm32f4xx_hal_flash.o(.text)
    HAL_FLASH_EndOfOperationCallback         0x00003801   Thumb Code     8  stm32f4xx_hal_flash.o(.text)
    HAL_FLASH_Unlock                         0x00003809   Thumb Code    86  stm32f4xx_hal_flash.o(.text)
    HAL_FLASH_Lock                           0x00003861   Thumb Code    20  stm32f4xx_hal_flash.o(.text)
    HAL_FLASH_OB_Unlock                      0x00003879   Thumb Code    72  stm32f4xx_hal_flash.o(.text)
    HAL_FLASH_OB_Lock                        0x000038c1   Thumb Code    20  stm32f4xx_hal_flash.o(.text)
    HAL_FLASH_OB_Launch                      0x000038d9   Thumb Code    28  stm32f4xx_hal_flash.o(.text)
    HAL_FLASH_GetError                       0x000038f9   Thumb Code    16  stm32f4xx_hal_flash.o(.text)
    HAL_FLASHEx_Erase                        0x00003909   Thumb Code   282  stm32f4xx_hal_flash_ex.o(.text)
    FLASH_Erase_Sector                       0x00003a61   Thumb Code   132  stm32f4xx_hal_flash_ex.o(.text)
    FLASH_FlushCaches                        0x00003ae9   Thumb Code   162  stm32f4xx_hal_flash_ex.o(.text)
    HAL_FLASHEx_Erase_IT                     0x00003b91   Thumb Code   206  stm32f4xx_hal_flash_ex.o(.text)
    HAL_FLASHEx_OBProgram                    0x00003c61   Thumb Code   244  stm32f4xx_hal_flash_ex.o(.text)
    HAL_FLASHEx_OBGetConfig                  0x00003ea9   Thumb Code    48  stm32f4xx_hal_flash_ex.o(.text)
    HAL_FLASHEx_AdvOBProgram                 0x00003f59   Thumb Code    70  stm32f4xx_hal_flash_ex.o(.text)
    HAL_FLASHEx_AdvOBGetConfig               0x00004021   Thumb Code    22  stm32f4xx_hal_flash_ex.o(.text)
    HAL_FLASHEx_OB_SelectPCROP               0x00004039   Thumb Code    42  stm32f4xx_hal_flash_ex.o(.text)
    HAL_FLASHEx_OB_DeSelectPCROP             0x00004069   Thumb Code    38  stm32f4xx_hal_flash_ex.o(.text)
    HAL_FLASHEx_StopFlashInterfaceClk        0x00004091   Thumb Code    58  stm32f4xx_hal_flash_ramfunc.o(.text)
    HAL_FLASHEx_StartFlashInterfaceClk       0x000040d1   Thumb Code    58  stm32f4xx_hal_flash_ramfunc.o(.text)
    HAL_FLASHEx_EnableFlashSleepMode         0x00004111   Thumb Code    58  stm32f4xx_hal_flash_ramfunc.o(.text)
    HAL_FLASHEx_DisableFlashSleepMode        0x00004151   Thumb Code    58  stm32f4xx_hal_flash_ramfunc.o(.text)
    HAL_GPIO_Init                            0x00004191   Thumb Code   922  stm32f4xx_hal_gpio.o(.text)
    HAL_GPIO_DeInit                          0x00004531   Thumb Code   520  stm32f4xx_hal_gpio.o(.text)
    HAL_GPIO_ReadPin                         0x00004739   Thumb Code    46  stm32f4xx_hal_gpio.o(.text)
    HAL_GPIO_WritePin                        0x00004769   Thumb Code    46  stm32f4xx_hal_gpio.o(.text)
    HAL_GPIO_TogglePin                       0x00004799   Thumb Code    38  stm32f4xx_hal_gpio.o(.text)
    HAL_GPIO_LockPin                         0x000047c1   Thumb Code    86  stm32f4xx_hal_gpio.o(.text)
    HAL_GPIO_EXTI_IRQHandler                 0x00004819   Thumb Code    56  stm32f4xx_hal_gpio.o(.text)
    HAL_GPIO_EXTI_Callback                   0x00004851   Thumb Code    10  stm32f4xx_hal_gpio.o(.text)
    HAL_PWR_DeInit                           0x00004861   Thumb Code    26  stm32f4xx_hal_pwr.o(.text)
    HAL_PWR_EnableBkUpAccess                 0x00004881   Thumb Code    30  stm32f4xx_hal_pwr.o(.text)
    HAL_PWR_DisableBkUpAccess                0x000048a1   Thumb Code    30  stm32f4xx_hal_pwr.o(.text)
    HAL_PWR_ConfigPVD                        0x000048c1   Thumb Code   210  stm32f4xx_hal_pwr.o(.text)
    HAL_PWR_EnablePVD                        0x00004999   Thumb Code    12  stm32f4xx_hal_pwr.o(.text)
    HAL_PWR_DisablePVD                       0x000049a9   Thumb Code    12  stm32f4xx_hal_pwr.o(.text)
    HAL_PWR_EnableWakeUpPin                  0x000049b9   Thumb Code    24  stm32f4xx_hal_pwr.o(.text)
    HAL_PWR_DisableWakeUpPin                 0x000049d1   Thumb Code    24  stm32f4xx_hal_pwr.o(.text)
    HAL_PWR_EnterSLEEPMode                   0x000049e9   Thumb Code    50  stm32f4xx_hal_pwr.o(.text)
    HAL_PWR_EnterSTOPMode                    0x00004a21   Thumb Code    86  stm32f4xx_hal_pwr.o(.text)
    HAL_PWR_EnterSTANDBYMode                 0x00004a79   Thumb Code    36  stm32f4xx_hal_pwr.o(.text)
    HAL_PWR_PVD_IRQHandler                   0x00004aa1   Thumb Code    42  stm32f4xx_hal_pwr.o(.text)
    HAL_PWR_PVDCallback                      0x00004ad1   Thumb Code     2  stm32f4xx_hal_pwr.o(.text)
    HAL_PWR_EnableSleepOnExit                0x00004ad9   Thumb Code    18  stm32f4xx_hal_pwr.o(.text)
    HAL_PWR_DisableSleepOnExit               0x00004af1   Thumb Code    18  stm32f4xx_hal_pwr.o(.text)
    HAL_PWR_EnableSEVOnPend                  0x00004b09   Thumb Code    18  stm32f4xx_hal_pwr.o(.text)
    HAL_PWR_DisableSEVOnPend                 0x00004b21   Thumb Code    18  stm32f4xx_hal_pwr.o(.text)
    HAL_PWREx_EnableBkUpReg                  0x00004b39   Thumb Code    92  stm32f4xx_hal_pwr_ex.o(.text)
    HAL_PWREx_DisableBkUpReg                 0x00004b99   Thumb Code    90  stm32f4xx_hal_pwr_ex.o(.text)
    HAL_PWREx_EnableFlashPowerDown           0x00004bf9   Thumb Code    12  stm32f4xx_hal_pwr_ex.o(.text)
    HAL_PWREx_DisableFlashPowerDown          0x00004c09   Thumb Code    12  stm32f4xx_hal_pwr_ex.o(.text)
    HAL_PWREx_GetVoltageRange                0x00004c19   Thumb Code    16  stm32f4xx_hal_pwr_ex.o(.text)
    HAL_PWREx_ControlVoltageScaling          0x00004c29   Thumb Code   318  stm32f4xx_hal_pwr_ex.o(.text)
    HAL_PWREx_EnableMainRegulatorLowVoltage  0x00004d69   Thumb Code    12  stm32f4xx_hal_pwr_ex.o(.text)
    HAL_PWREx_DisableMainRegulatorLowVoltage 0x00004d79   Thumb Code    12  stm32f4xx_hal_pwr_ex.o(.text)
    HAL_PWREx_EnableLowRegulatorLowVoltage   0x00004d89   Thumb Code    12  stm32f4xx_hal_pwr_ex.o(.text)
    HAL_PWREx_DisableLowRegulatorLowVoltage  0x00004d99   Thumb Code    12  stm32f4xx_hal_pwr_ex.o(.text)
    HAL_RCC_DeInit                           0x00004da9   Thumb Code     4  stm32f4xx_hal_rcc.o(.text)
    HAL_RCC_ClockConfig                      0x00005481   Thumb Code   616  stm32f4xx_hal_rcc.o(.text)
    HAL_RCC_GetSysClockFreq                  0x000056e9   Thumb Code   230  stm32f4xx_hal_rcc.o(.text)
    HAL_RCC_MCOConfig                        0x000057d1   Thumb Code   208  stm32f4xx_hal_rcc.o(.text)
    HAL_RCC_EnableCSS                        0x000058a1   Thumb Code    12  stm32f4xx_hal_rcc.o(.text)
    HAL_RCC_DisableCSS                       0x000058b1   Thumb Code    12  stm32f4xx_hal_rcc.o(.text)
    HAL_RCC_GetHCLKFreq                      0x000058c1   Thumb Code    14  stm32f4xx_hal_rcc.o(.text)
    HAL_RCC_GetPCLK1Freq                     0x000058d1   Thumb Code    36  stm32f4xx_hal_rcc.o(.text)
    HAL_RCC_GetPCLK2Freq                     0x000058f9   Thumb Code    36  stm32f4xx_hal_rcc.o(.text)
    HAL_RCC_GetClockConfig                   0x00005a61   Thumb Code    84  stm32f4xx_hal_rcc.o(.text)
    HAL_RCC_NMI_IRQHandler                   0x00005ab9   Thumb Code    40  stm32f4xx_hal_rcc.o(.text)
    HAL_RCC_CSSCallback                      0x00005ae1   Thumb Code     2  stm32f4xx_hal_rcc.o(.text)
    HAL_RCCEx_PeriphCLKConfig                0x00005ae9   Thumb Code  1054  stm32f4xx_hal_rcc_ex.o(.text)
    HAL_RCCEx_GetPeriphCLKConfig             0x00005f09   Thumb Code   218  stm32f4xx_hal_rcc_ex.o(.text)
    HAL_RCCEx_SelectLSEMode                  0x00005fe9   Thumb Code    56  stm32f4xx_hal_rcc_ex.o(.text)
    HAL_RCCEx_EnablePLLI2S                   0x00006021   Thumb Code   186  stm32f4xx_hal_rcc_ex.o(.text)
    HAL_RCCEx_DisablePLLI2S                  0x000060e1   Thumb Code    80  stm32f4xx_hal_rcc_ex.o(.text)
    HAL_RCC_OscConfig                        0x00006131   Thumb Code  1750  stm32f4xx_hal_rcc_ex.o(.text)
    HAL_RCC_GetOscConfig                     0x00006809   Thumb Code   330  stm32f4xx_hal_rcc_ex.o(.text)
    HAL_UART_Init                            0x00006959   Thumb Code   154  stm32f4xx_hal_uart.o(.text)
    HAL_UART_DeInit                          0x00006b41   Thumb Code    96  stm32f4xx_hal_uart.o(.text)
    HAL_UART_Transmit                        0x00006ba9   Thumb Code   334  stm32f4xx_hal_uart.o(.text)
    HAL_UART_Receive                         0x00006dd1   Thumb Code   356  stm32f4xx_hal_uart.o(.text)
    HAL_UART_TxCpltCallback                  0x00006f39   Thumb Code     8  stm32f4xx_hal_uart.o(.text)
    HAL_UART_TxHalfCpltCallback              0x00006f41   Thumb Code     8  stm32f4xx_hal_uart.o(.text)
    HAL_UART_RxCpltCallback                  0x00006f49   Thumb Code     8  stm32f4xx_hal_uart.o(.text)
    HAL_UART_RxHalfCpltCallback              0x00006f51   Thumb Code     8  stm32f4xx_hal_uart.o(.text)
    HAL_UART_ErrorCallback                   0x00006f59   Thumb Code     8  stm32f4xx_hal_uart.o(.text)
    HAL_UART_AbortCpltCallback               0x00006f61   Thumb Code     8  stm32f4xx_hal_uart.o(.text)
    HAL_UART_AbortTransmitCpltCallback       0x00006f69   Thumb Code     8  stm32f4xx_hal_uart.o(.text)
    HAL_UART_AbortReceiveCpltCallback        0x00006f71   Thumb Code     8  stm32f4xx_hal_uart.o(.text)
    HAL_UARTEx_RxEventCallback               0x00006f79   Thumb Code    12  stm32f4xx_hal_uart.o(.text)
    HAL_UART_GetState                        0x00006f89   Thumb Code    40  stm32f4xx_hal_uart.o(.text)
    HAL_UART_GetError                        0x00006fb1   Thumb Code    12  stm32f4xx_hal_uart.o(.text)
    HAL_QSPI_Init                            0x00006fc1   Thumb Code   274  stm32f4xx_hal_qspi.o(.text)
    HAL_QSPI_SetTimeout                      0x000070e1   Thumb Code    16  stm32f4xx_hal_qspi.o(.text)
    HAL_QSPI_DeInit                          0x00007171   Thumb Code    78  stm32f4xx_hal_qspi.o(.text)
    HAL_QSPI_IRQHandler                      0x000071c9   Thumb Code   888  stm32f4xx_hal_qspi.o(.text)
    HAL_QSPI_FifoThresholdCallback           0x00007541   Thumb Code     8  stm32f4xx_hal_qspi.o(.text)
    HAL_QSPI_Abort_IT                        0x00007549   Thumb Code   206  stm32f4xx_hal_qspi.o(.text)
    HAL_QSPI_TxCpltCallback                  0x00007619   Thumb Code     8  stm32f4xx_hal_qspi.o(.text)
    HAL_QSPI_RxCpltCallback                  0x00007621   Thumb Code     8  stm32f4xx_hal_qspi.o(.text)
    HAL_QSPI_CmdCpltCallback                 0x00007629   Thumb Code     8  stm32f4xx_hal_qspi.o(.text)
    HAL_QSPI_AbortCpltCallback               0x00007631   Thumb Code     8  stm32f4xx_hal_qspi.o(.text)
    HAL_QSPI_ErrorCallback                   0x00007639   Thumb Code     8  stm32f4xx_hal_qspi.o(.text)
    HAL_QSPI_StatusMatchCallback             0x00007641   Thumb Code     8  stm32f4xx_hal_qspi.o(.text)
    HAL_QSPI_TimeOutCallback                 0x000076a1   Thumb Code     8  stm32f4xx_hal_qspi.o(.text)
    HAL_QSPI_Command                         0x000076a9   Thumb Code   256  stm32f4xx_hal_qspi.o(.text)
    HAL_QSPI_Command_IT                      0x00007aa9   Thumb Code   260  stm32f4xx_hal_qspi.o(.text)
    HAL_QSPI_Transmit                        0x00007c31   Thumb Code   342  stm32f4xx_hal_qspi.o(.text)
    HAL_QSPI_Abort                           0x00007d89   Thumb Code   250  stm32f4xx_hal_qspi.o(.text)
    HAL_QSPI_Receive                         0x00007e89   Thumb Code   360  stm32f4xx_hal_qspi.o(.text)
    HAL_QSPI_Transmit_IT                     0x00007ff1   Thumb Code   228  stm32f4xx_hal_qspi.o(.text)
    HAL_QSPI_Receive_IT                      0x000080d9   Thumb Code   246  stm32f4xx_hal_qspi.o(.text)
    HAL_QSPI_Transmit_DMA                    0x000081d1   Thumb Code   624  stm32f4xx_hal_qspi.o(.text)
    HAL_QSPI_Receive_DMA                     0x000084c1   Thumb Code   650  stm32f4xx_hal_qspi.o(.text)
    HAL_QSPI_AutoPolling                     0x00008789   Thumb Code   306  stm32f4xx_hal_qspi.o(.text)
    HAL_QSPI_AutoPolling_IT                  0x000088c1   Thumb Code   286  stm32f4xx_hal_qspi.o(.text)
    HAL_QSPI_MemoryMapped                    0x000089e1   Thumb Code   254  stm32f4xx_hal_qspi.o(.text)
    HAL_QSPI_RxHalfCpltCallback              0x00008ae1   Thumb Code     8  stm32f4xx_hal_qspi.o(.text)
    HAL_QSPI_TxHalfCpltCallback              0x00008ae9   Thumb Code     8  stm32f4xx_hal_qspi.o(.text)
    HAL_QSPI_GetState                        0x00008af1   Thumb Code    14  stm32f4xx_hal_qspi.o(.text)
    HAL_QSPI_GetError                        0x00008b01   Thumb Code    12  stm32f4xx_hal_qspi.o(.text)
    HAL_QSPI_SetFifoThreshold                0x00008b11   Thumb Code   132  stm32f4xx_hal_qspi.o(.text)
    HAL_QSPI_GetFifoThreshold                0x00008b99   Thumb Code    24  stm32f4xx_hal_qspi.o(.text)
    HAL_QSPI_SetFlashID                      0x00008bb1   Thumb Code   124  stm32f4xx_hal_qspi.o(.text)
    __aeabi_uldivmod                         0x00008c2d   Thumb Code     0  lludivv7m.o(.text)
    _ll_udiv                                 0x00008c2d   Thumb Code   240  lludivv7m.o(.text)
    __aeabi_memclr4                          0x00008d1d   Thumb Code     0  rt_memclr_w.o(.text)
    __aeabi_memclr8                          0x00008d1d   Thumb Code     0  rt_memclr_w.o(.text)
    __rt_memclr_w                            0x00008d1d   Thumb Code     0  rt_memclr_w.o(.text)
    _memset_w                                0x00008d21   Thumb Code    74  rt_memclr_w.o(.text)
    AHBPrescTable                            0x00008d6a   Data          16  system_stm32f4xx.o(.rodata.AHBPrescTable)
    APBPrescTable                            0x00008d7a   Data           8  system_stm32f4xx.o(.rodata.APBPrescTable)
    flash_array                              0x00008d8a   Data        8192  main.o(ExtFlashSection)
    SystemCoreClock                          0x0000ad90   Data           4  system_stm32f4xx.o(.data.SystemCoreClock)
    mode                                     0x0000ad94   Data           1  flashprg.o(.data.mode)
    uwTickFreq                               0x0000ad95   Data           1  stm32f4xx_hal.o(.data.uwTickFreq)
    uwTickPrio                               0x0000ad98   Data           4  stm32f4xx_hal.o(.data.uwTickPrio)
    FlashDevice                              0x0000ad9c   Data        4256  flashdev.o(.rodata.FlashDevice)
    hqspi                                    0x0000ada4   Data          76  main.o(.bss.hqspi)
    huart3                                   0x0000adf0   Data          68  main.o(.bss.huart3)
    pFlash                                   0x0000ae34   Data          32  stm32f4xx_hal_flash.o(.bss.pFlash)
    uwTick                                   0x0000ae54   Data           4  stm32f4xx_hal.o(.bss.uwTick)



==============================================================================

Memory Map of the image

  Image entry point : Not specified.

  Load Region PRG (Base: 0x00000000, Size: 0x0000ad9c, Max: 0xffffffff, PI)

    Execution Region PrgCode (Exec base: 0x00000000, Load base: 0x00000000, Size: 0x0000ad8c, Max: 0xffffffff, PI)

    Exec Addr    Load Addr    Size         Type   Attr      Idx    E Section Name        Object

    0x00000000   0x00000000   0x00000474   Code   RO            1    .text               flashprg.o
    0x00000474   0x00000474   0x00000004   PAD
    0x00000478   0x00000478   0x000002ce   Code   RO           16    .text               main.o
    0x00000746   0x00000746   0x00000002   PAD
    0x00000748   0x00000748   0x00000210   Code   RO           27    .text               stm32f4xx_hal_msp.o
    0x00000958   0x00000958   0x00000048   Code   RO           34    .text               stm32f4xx_it.o
    0x000009a0   0x000009a0   0x00000152   Code   RO           41    .text               system_stm32f4xx.o
    0x00000af2   0x00000af2   0x00000006   PAD
    0x00000af8   0x00000af8   0x00000bc4   Code   RO           51    .text               s25fl128s.o
    0x000016bc   0x000016bc   0x00000004   PAD
    0x000016c0   0x000016c0   0x00000364   Code   RO           58    .text               stm32f4xx_hal.o
    0x00001a24   0x00001a24   0x00000004   PAD
    0x00001a28   0x00001a28   0x000005ea   Code   RO           68    .text               stm32f4xx_hal_cortex.o
    0x00002012   0x00002012   0x00000006   PAD
    0x00002018   0x00002018   0x00000d1c   Code   RO           75    .text               stm32f4xx_hal_dma.o
    0x00002d34   0x00002d34   0x00000004   PAD
    0x00002d38   0x00002d38   0x00000472   Code   RO           83    .text               stm32f4xx_hal_exti.o
    0x000031aa   0x000031aa   0x00000006   PAD
    0x000031b0   0x000031b0   0x00000758   Code   RO           90    .text               stm32f4xx_hal_flash.o
    0x00003908   0x00003908   0x00000786   Code   RO           98    .text               stm32f4xx_hal_flash_ex.o
    0x0000408e   0x0000408e   0x00000002   PAD
    0x00004090   0x00004090   0x000000fa   Code   RO          105    .text               stm32f4xx_hal_flash_ramfunc.o
    0x0000418a   0x0000418a   0x00000006   PAD
    0x00004190   0x00004190   0x000006ca   Code   RO          112    .text               stm32f4xx_hal_gpio.o
    0x0000485a   0x0000485a   0x00000006   PAD
    0x00004860   0x00004860   0x000002d2   Code   RO          119    .text               stm32f4xx_hal_pwr.o
    0x00004b32   0x00004b32   0x00000006   PAD
    0x00004b38   0x00004b38   0x0000026c   Code   RO          126    .text               stm32f4xx_hal_pwr_ex.o
    0x00004da4   0x00004da4   0x00000004   PAD
    0x00004da8   0x00004da8   0x00000d3a   Code   RO          133    .text               stm32f4xx_hal_rcc.o
    0x00005ae2   0x00005ae2   0x00000006   PAD
    0x00005ae8   0x00005ae8   0x00000e6a   Code   RO          140    .text               stm32f4xx_hal_rcc_ex.o
    0x00006952   0x00006952   0x00000002   PAD
    0x00006954   0x00006954   0x00000000   Code   RO          147    .text               stm32f4xx_hal_tim.o
    0x00006954   0x00006954   0x00000000   Code   RO          148    .text               stm32f4xx_hal_tim_ex.o
    0x00006954   0x00006954   0x00000004   PAD
    0x00006958   0x00006958   0x00000664   Code   RO          149    .text               stm32f4xx_hal_uart.o
    0x00006fbc   0x00006fbc   0x00000004   PAD
    0x00006fc0   0x00006fc0   0x00001c6c   Code   RO          156    .text               stm32f4xx_hal_qspi.o
    0x00008c2c   0x00008c2c   0x000000f0   Code   RO          165    .text               c_we.l(lludivv7m.o)
    0x00008d1c   0x00008d1c   0x0000004e   Code   RO          167    .text               c_we.l(rt_memclr_w.o)
    0x00008d6a   0x00008d6a   0x00000010   Data   RO           44    .rodata.AHBPrescTable  system_stm32f4xx.o
    0x00008d7a   0x00008d7a   0x00000008   Data   RO           45    .rodata.APBPrescTable  system_stm32f4xx.o
    0x00008d82   0x00008d82   0x00000008   Data   RO           77    .rodata.DMA_CalcBaseAndBitshift.flagBitshiftOffset  stm32f4xx_hal_dma.o
    0x00008d8a   0x00008d8a   0x00002000   Data   RO           19    ExtFlashSection     main.o


    Execution Region PrgData (Exec base: 0x0000ad8c, Load base: 0x0000ad8c, Size: 0x000000cc, Max: 0xffffffff, PI)

    Exec Addr    Load Addr    Size         Type   Attr      Idx    E Section Name        Object

    0x0000ad8c   0x0000ad8c   0x00000004   Data   RW          219    PDT$$ptr            anon$$obj.o
    0x0000ad90   0x0000ad90   0x00000004   Data   RW           43    .data.SystemCoreClock  system_stm32f4xx.o
    0x0000ad94   0x0000ad94   0x00000001   Data   RW            3    .data.mode          flashprg.o
    0x0000ad95   0x0000ad95   0x00000001   Data   RW           61    .data.uwTickFreq    stm32f4xx_hal.o
    0x0000ad96   0x0000ad96   0x00000002   PAD
    0x0000ad98   0x0000ad98   0x00000004   Data   RW           60    .data.uwTickPrio    stm32f4xx_hal.o
    0x0000ad9c        -       0x00000004   Zero   RW            4    .bss.DevAddr        flashprg.o
    0x0000ada0        -       0x00000004   Zero   RW           18    .bss.HAL_GetTick.ticks  main.o
    0x0000ada4        -       0x0000004c   Zero   RW           20    .bss.hqspi          main.o
    0x0000adf0        -       0x00000044   Zero   RW           21    .bss.huart3         main.o
    0x0000ae34        -       0x00000020   Zero   RW           92    .bss.pFlash         stm32f4xx_hal_flash.o
    0x0000ae54        -       0x00000004   Zero   RW           62    .bss.uwTick         stm32f4xx_hal.o



  Load Region DSCR (Base: 0x0000ad9c, Size: 0x000010a0, Max: 0xffffffff, PI)

    Execution Region DevDscr (Exec base: 0x0000ad9c, Load base: 0x0000ad9c, Size: 0x000010a0, Max: 0xffffffff, PI)

    Exec Addr    Load Addr    Size         Type   Attr      Idx    E Section Name        Object

    0x0000ad9c   0x0000ad9c   0x00000000   Code   RO           10    .text               flashdev.o
    0x0000ad9c   0x0000ad9c   0x000010a0   Data   RO           11    .rodata.FlashDevice  flashdev.o


==============================================================================

Image component sizes


      Code (inc. data)   RO Data    RW Data    ZI Data      Debug   Object Name

         0          0       4256          0          0        796   flashdev.o
      1140          0          0          1          4       3106   flashprg.o
       718          0       8192          0        148       7524   main.o
      3012         12          0          0          0      10259   s25fl128s.o
       868          0          0          5          4       6562   stm32f4xx_hal.o
      1514          0          0          0          0       8755   stm32f4xx_hal_cortex.o
      3356         22          8          0          0       8158   stm32f4xx_hal_dma.o
      1138          0          0          0          0       3841   stm32f4xx_hal_exti.o
      1880          0          0          0         32       4490   stm32f4xx_hal_flash.o
      1926          0          0          0          0       5577   stm32f4xx_hal_flash_ex.o
       250          0          0          0          0       2274   stm32f4xx_hal_flash_ramfunc.o
      1738          0          0          0          0       5015   stm32f4xx_hal_gpio.o
       528          0          0          0          0       6080   stm32f4xx_hal_msp.o
       722          0          0          0          0       4129   stm32f4xx_hal_pwr.o
       620          0          0          0          0       3321   stm32f4xx_hal_pwr_ex.o
      7276          0          0          0          0      14062   stm32f4xx_hal_qspi.o
      3386          0          0          0          0       7394   stm32f4xx_hal_rcc.o
      3690          0          0          0          0       6810   stm32f4xx_hal_rcc_ex.o
         0          0          0          0          0          0   stm32f4xx_hal_tim.o
         0          0          0          0          0          0   stm32f4xx_hal_tim_ex.o
      1636          0          0          0          0       6715   stm32f4xx_hal_uart.o
        72          0          0          0          0        839   stm32f4xx_it.o
       338          0         24          4          0       2570   system_stm32f4xx.o

    ----------------------------------------------------------------------
     35884         34      12482         16        188     118277   Object Totals
         0          0          0          4          0          0   (incl. Generated)
        76          0          2          2          0          0   (incl. Padding)

    ----------------------------------------------------------------------

      Code (inc. data)   RO Data    RW Data    ZI Data      Debug   Library Member Name

       240          0          0          0          0         96   lludivv7m.o
        78          0          0          0          0         76   rt_memclr_w.o

    ----------------------------------------------------------------------
       318          0          0          0          0        172   Library Totals
         0          0          0          0          0          0   (incl. Padding)

    ----------------------------------------------------------------------

      Code (inc. data)   RO Data    RW Data    ZI Data      Debug   Library Name

       318          0          0          0          0        172   c_we.l

    ----------------------------------------------------------------------
       318          0          0          0          0        172   Library Totals

    ----------------------------------------------------------------------

==============================================================================


      Code (inc. data)   RO Data    RW Data    ZI Data      Debug   

     36202         34      12482         16        188     118021   Grand Totals
     36202         34      12482         16        188     118021   ELF Image Totals
     36202         34      12482         16          0          0   ROM Totals

==============================================================================

    Total RO  Size (Code + RO Data)                48684 (  47.54kB)
    Total RW  Size (RW Data + ZI Data)               204 (   0.20kB)
    Total ROM Size (Code + RO Data + RW Data)      48700 (  47.56kB)

==============================================================================

